{
  "chunks": [
    {
      "rendered": true,
      "initial": true,
      "entry": true,
      "size": 102,
      "names": [
        "main"
      ],
      "parents": []
    }
  ],
  "errors": [],
  "warnings": []
}