{
  "assets": [],
  "assetsByChunkName": {
    "main": "0fbcc60c464127ab3381.main.js"
  },
  "errors": [],
  "warnings": []
}