{
  "assetsByChunkName": {
    "main": [
      "d22a9c95386c8eee182c.main.js"
    ]
  }
}