{
  "assetsByChunkName": {
    "main": "HASH.main.js"
  }
}